/mnt/HD1TB/GoogleDrive/arq/elt/Microcontrolador/STM32/00 - Embedded Systems Bare-Metal Programming Ground Up - STM32/Projects/chip_headers/CMSIS/Include/core_cm4.h:1688:22:__NVIC_EnableIRQ	16	static
../Src/uart.c:32:5:__io_putchar	16	static
../Src/uart.c:37:6:dma1_stream6_int	24	static
../Src/uart.c:90:6:uart2_rxtx_init	8	static
../Src/uart.c:129:6:uart2_rx_interrupt_init	8	static
../Src/uart.c:175:6:uart2_tx_init	8	static
../Src/uart.c:204:6:uart2_read	4	static
../Src/uart.c:215:6:uart2_write	16	static
../Src/uart.c:222:13:uart_set_baudrate	24	static
../Src/uart.c:227:17:compute_uart_bd	16	static
